// Jest Snapshot v1, https://goo.gl/fbAQLP

exports[`Card renders correctly 1`] = `
<div
  class="card"
>
  <img
    alt="abstract"
    className="image"
  />
  <div
    className="container"
  >
    <span
      className="date"
    />
    <span
      className="date"
      id="readTime"
    />
    <p
      className="title"
    />
    <p
      className="abstract"
    />
    <hr />
    <img
      alt="clap"
      className="clap"
      onClick={[Function]}
      src="clapping.svg"
    />
    <span />
    <img
      alt=""
      className="heart"
      onClick={[Function]}
      src="heart-red.svg"
    />
  </div>
</div>
`;
