// Jest Snapshot v1, https://goo.gl/fbAQLP

exports[`Navigation renders correctly 1`] = `
<div
  className="nav"
>
  <div
    className="heading"
  >
    <h1>
      The Artifact
    </h1>
    <h2>
      Culture & Art Blog
    </h2>
  </div>
  <div
    className="navLink"
  >
    <a
      href="#!"
    >
      Blog
    </a>
    <a
      href="#!"
    >
      About
    </a>
    <a
      href="#!"
    >
      Contact
    </a>
  </div>
</div>
`;
