// Jest Snapshot v1, https://goo.gl/fbAQLP

exports[`CreatePost renders correctly 1`] = `
<div
  className="createPost"
>
  <button
    className="button"
  >
    CreatePost
  </button>
</div>
`;
